[www.bigfoltz.com/index.html]
[www.bigfoltz.com/_next/static/media/a34f9d1faa5f3315-s.p.woff2]
[www.bigfoltz.com/_next/static/css/06264c27bb7e9a9f.css]
[www.bigfoltz.com/_next/static/css/2a828025313fb134.css]
[www.bigfoltz.com/_next/static/chunks/webpack-17e1426a45ea0c19.js]
[www.bigfoltz.com/_next/static/chunks/fd9d1056-90960e0a7e77703c.js]
[www.bigfoltz.com/_next/static/chunks/23-bc415a47dbe33919.js]
[www.bigfoltz.com/_next/static/chunks/main-app-f73cdb3bce740b12.js]
[www.bigfoltz.com/_next/static/chunks/8e1d74a4-a0431f4787e6eb1e.js]
[www.bigfoltz.com/_next/static/chunks/648-c9227d4605f38d77.js]
[www.bigfoltz.com/_next/static/chunks/138-9148f06ec9dcf0f6.js]
[www.bigfoltz.com/_next/static/chunks/936-0d1172691d3fdc6e.js]
[www.bigfoltz.com/_next/static/chunks/app/page-6ad0138f097db46e.js]
[www.bigfoltz.com/_next/static/chunks/998-e133d73febdd260a.js]
[backblue.gif]
[fade.gif]
[index.html]
[www.bigfoltz.com/_next/static/chunks/app/layout-631c4cccda3243c2.js]
[www.bigfoltz.com/favicon.ico]
[www.bigfoltz.com/_next/static/chunks/polyfills-78c92fac7aa8fdd8.js]
[www.bigfoltz.com/_next/logo375a.png]
[www.bigfoltz.com/leaderboards.html]
[www.bigfoltz.com/bonus-hunt.html]
[www.bigfoltz.com/challenges.html]
[www.bigfoltz.com/raffles.html]
[www.bigfoltz.com/_next/logo-bfaedb.png]
[www.bigfoltz.com/_next/givenawayb504.png]
[www.bigfoltz.com/_next/stake0eaf.png]
[www.bigfoltz.com/_next/stakeusfadc.png]
[www.bigfoltz.com/_next/static/media/play.c5b99c79.svg]
[www.bigfoltz.com/_next/static/media/dollar-chip.69f3d632.svg]
[www.bigfoltz.com/_next/static/media/ring.ce79c45c.svg]
[www.bigfoltz.com/_next/static/media/crown.5f1f4ad3.svg]
[www.bigfoltz.com/_next/static/media/diamond.0f3cbb0e.svg]
[www.bigfoltz.com/_next/static/media/ace.5cb15abe.svg]
[www.bigfoltz.com/_next/kick7f28.png]
[www.bigfoltz.com/_next/youtube0e31.png]
[www.bigfoltz.com/_next/x2f4d.png]
[www.bigfoltz.com/_next/discordc466.png]
[www.bigfoltz.com/_next/instagram1b1c.png]
[www.bigfoltz.com/terms-conditions.24.delayed]
[www.bigfoltz.com/privacy-policy.25.delayed]
[www.bigfoltz.com/index.html]
[www.bigfoltz.com/_next/static/media/55c55f0601d81cf3-s.woff2]
[www.bigfoltz.com/_next/static/media/26a46d62cd723877-s.woff2]
[www.bigfoltz.com/_next/static/media/97e0cb1ae144a2a9-s.woff2]
[www.bigfoltz.com/_next/static/media/581909926a08bbc8-s.woff2]
[www.bigfoltz.com/_next/static/media/df0a9ae256c0569c-s.woff2]
[www.bigfoltz.com/_next/static/media/6d93bde91c0c2823-s.woff2]
[www.bigfoltz.com/_next/static/css/06264c27bb7e9a9f.css]
[www.bigfoltz.com/_next/static/media/bg-intro.b77d3e42.jpg]
[www.bigfoltz.com/_next/static/media/bg-get-bonuses.24a396a4.png]
[www.bigfoltz.com/_next/static/css/2a828025313fb134.css]
[www.bigfoltz.com/_next/static/css/bd263d7f2032b94f.css]
[www.bigfoltz.com/_next/static/css/8b277b69378c8252.css]
[www.bigfoltz.com/leaderboards.html]
[www.bigfoltz.com/_next/static/chunks/app/leaderboards/page-177cade7a6974e8c.js]
[www.bigfoltz.com/_next/static/css/92e233c024dd2531.css]
[www.bigfoltz.com/bonus-hunt.html]
[www.bigfoltz.com/_next/static/chunks/app/bonus-hunt/page-ec09b99dcb0d7397.js]
[www.bigfoltz.com/_next/static/css/1a64fd88349fa8d5.css]
[www.bigfoltz.com/challenges.html]
[www.bigfoltz.com/_next/static/chunks/app/challenges/page-66137a5c6c09157e.js]
[www.bigfoltz.com/_next/static/css/eb7d0d80fd24da46.css]
[www.bigfoltz.com/_next/static/chunks/983-0bc2327e2d344714.js]
[www.bigfoltz.com/raffles.html]
[www.bigfoltz.com/_next/static/media/play.c5b99c79.svg]
[www.bigfoltz.com/_next/static/media/dollar-chip.69f3d632.svg]
[www.bigfoltz.com/_next/static/media/ring.ce79c45c.svg]
[www.bigfoltz.com/_next/static/media/crown.5f1f4ad3.svg]
[www.bigfoltz.com/_next/static/media/diamond.0f3cbb0e.svg]
[www.bigfoltz.com/_next/static/media/ace.5cb15abe.svg]
[www.bigfoltz.com/404]
[www.bigfoltz.com/404-2]
[www.bigfoltz.com/_next/static/css/bd263d7f2032b94f.css]
[www.bigfoltz.com/_next/static/css/8b277b69378c8252.css]
[www.bigfoltz.com/_next/static/chunks/app/raffles/page-e52672bc68220aa0.js]
[www.bigfoltz.com/_next/static/media/gtbBanner.871eb122.jpg]
[www.bigfoltz.com/_next/static/css/92e233c024dd2531.css]
[www.bigfoltz.com/_next/static/css/1a64fd88349fa8d5.css]
[www.bigfoltz.com/_next/static/css/eb7d0d80fd24da46.css]
